[slimhamdi.net/tunis/dark/index.html]
[backblue.gif]
[fade.gif]
[index.html]
[slimhamdi.net/tunis/dark/css/preloader.min.css]
[slimhamdi.net/tunis/dark/css/bootstrap.min.css]
[slimhamdi.net/tunis/dark/css/circle.css]
[slimhamdi.net/tunis/dark/css/font-awesome.min.css]
[slimhamdi.net/tunis/dark/css/fm.revealator.jquery.min.css]
[slimhamdi.net/tunis/dark/css/style.css]
[slimhamdi.net/tunis/dark/css/skins/yellow.css]
[slimhamdi.net/tunis/dark/css/skins/blue.css]
[slimhamdi.net/tunis/dark/css/skins/green.css]
[slimhamdi.net/tunis/dark/css/skins/blueviolet.css]
[slimhamdi.net/tunis/dark/css/skins/goldenrod.css]
[slimhamdi.net/tunis/dark/css/skins/magenta.css]
[slimhamdi.net/tunis/dark/css/skins/orange.css]
[slimhamdi.net/tunis/dark/css/skins/purple.css]
[slimhamdi.net/tunis/dark/css/skins/red.css]
[slimhamdi.net/tunis/dark/css/skins/yellowgreen.css]
[slimhamdi.net/tunis/dark/css/styleswitcher.css]
[slimhamdi.net/tunis/dark/js/modernizr.custom.js]
[slimhamdi.net/tunis/dark/img/styleswitcher/purple.png]
[slimhamdi.net/tunis/dark/img/styleswitcher/red.png]
[slimhamdi.net/tunis/dark/img/styleswitcher/blueviolet.png]
[slimhamdi.net/tunis/dark/img/styleswitcher/blue.png]
[slimhamdi.net/tunis/dark/img/styleswitcher/goldenrod.png]
[slimhamdi.net/tunis/dark/img/styleswitcher/magenta.png]
[slimhamdi.net/tunis/dark/img/styleswitcher/yellowgreen.png]
[slimhamdi.net/tunis/dark/img/styleswitcher/orange.png]
[slimhamdi.net/tunis/dark/img/styleswitcher/green.png]
[slimhamdi.net/tunis/dark/img/styleswitcher/yellow.png]
[slimhamdi.net/tunis/dark/about.html]
[slimhamdi.net/tunis/dark/portfolio.html]
[slimhamdi.net/tunis/dark/contact.html]
[slimhamdi.net/tunis/dark/blog.html]
[slimhamdi.net/tunis/dark/img/img-mobile.jpg]
[slimhamdi.net/tunis/dark/js/styleswitcher.js]
[slimhamdi.net/tunis/dark/js/preloader.min.js]
[slimhamdi.net/tunis/dark/js/fm.revealator.jquery.min.js]
[slimhamdi.net/tunis/dark/js/jquery-3.5.0.min.js]
[slimhamdi.net/tunis/dark/js/imagesloaded.pkgd.min.js]
[slimhamdi.net/tunis/dark/js/masonry.pkgd.min.js]
[slimhamdi.net/tunis/dark/js/classie.js]
[slimhamdi.net/tunis/dark/js/cbpGridGallery.js]
[slimhamdi.net/tunis/dark/js/jquery.hoverdir.js]
[slimhamdi.net/tunis/dark/js/bootstrap.js]
[slimhamdi.net/tunis/dark/js/custom.js]
[slimhamdi.net/tunis/dark/index.html]
[slimhamdi.net/tunis/dark/css/bootstrap.min.css]
[slimhamdi.net/tunis/dark/css/preloader.min.css]
[slimhamdi.net/tunis/dark/css/circle.css]
[slimhamdi.net/tunis/dark/fonts/fontawesome-webfont3e6e.eot]
[slimhamdi.net/tunis/dark/fonts/fontawesome-webfontd41d.eot]
[slimhamdi.net/tunis/dark/fonts/fontawesome-webfont3e6e.woff]
[slimhamdi.net/tunis/dark/fonts/fontawesome-webfont3e6e.ttf]
[slimhamdi.net/tunis/dark/css/font-awesome.min.css]
[slimhamdi.net/tunis/dark/css/fm.revealator.jquery.min.css]
[slimhamdi.net/tunis/dark/img/light.jpg]
[slimhamdi.net/tunis/dark/img/projects/navigation/right-arrow.png]
[slimhamdi.net/tunis/dark/img/projects/navigation/close-button.png]
[slimhamdi.net/tunis/dark/img/2.jpg]
[slimhamdi.net/tunis/dark/css/style.css]
[slimhamdi.net/tunis/dark/css/skins/yellow.css]
[slimhamdi.net/tunis/dark/css/skins/blue.css]
[slimhamdi.net/tunis/dark/css/skins/green.css]
[slimhamdi.net/tunis/dark/css/skins/blueviolet.css]
[slimhamdi.net/tunis/dark/css/skins/goldenrod.css]
[slimhamdi.net/tunis/dark/css/skins/magenta.css]
[slimhamdi.net/tunis/dark/css/skins/orange.css]
[slimhamdi.net/tunis/dark/css/skins/purple.css]
[slimhamdi.net/tunis/dark/css/skins/red.css]
[slimhamdi.net/tunis/dark/css/skins/yellowgreen.css]
[slimhamdi.net/tunis/dark/css/styleswitcher.css]
[slimhamdi.net/tunis/dark/about.html]
[slimhamdi.net/tunis/dark/img/projects/project-1.jpg]
[slimhamdi.net/tunis/dark/img/projects/project-2.jpg]
[slimhamdi.net/tunis/dark/img/projects/project-4.jpg]
[slimhamdi.net/tunis/dark/img/projects/project-5.jpg]
[slimhamdi.net/tunis/dark/img/projects/project-6.jpg]
[slimhamdi.net/tunis/dark/img/projects/project-7.jpg]
[slimhamdi.net/tunis/dark/img/projects/project-8.jpg]
[slimhamdi.net/tunis/dark/img/projects/project-9.jpg]
[slimhamdi.net/tunis/dark/img/projects/video.mp4]
[slimhamdi.net/tunis/dark/portfolio.html]
[slimhamdi.net/tunis/dark/contact.html]
[slimhamdi.net/tunis/dark/blog-post.html]
[slimhamdi.net/tunis/dark/img/blog/blog-post-1.jpg]
[slimhamdi.net/tunis/dark/img/blog/blog-post-2.jpg]
[slimhamdi.net/tunis/dark/img/blog/blog-post-3.jpg]
[slimhamdi.net/tunis/dark/img/blog/blog-post-4.jpg]
[slimhamdi.net/tunis/dark/img/blog/blog-post-5.jpg]
[slimhamdi.net/tunis/dark/img/blog/blog-post-6.jpg]
[slimhamdi.net/tunis/dark/blog.html]
[slimhamdi.net/tunis/dark/js/popper.min.js]
[slimhamdi.net/tunis/dark/img/projects/navigation/left-arrow.png]
[slimhamdi.net/tunis/dark/img/projects/project-3.jpg]
[slimhamdi.net/tunis/dark/fonts/fontawesome-webfont3e6e.svg]
[slimhamdi.net/tunis/dark/blog-post.html]
[slimhamdi.net/tunis/dark/fonts/fontawesome-webfont3e6e.woff2]
[slimhamdi.net/tunis/dark/fonts/fontawesome-webfont3e6e.svg]
